------------------------------------------------------------
Timing Analyzer Summary
------------------------------------------------------------

Type  : Setup 'clk'
Slack : -7.693
TNS   : -47.717

Type  : Setup 'cronometro:timer|UndMin:UndM|tFlipFlop:F0|Q'
Slack : -4.985
TNS   : -16.665

Type  : Setup 'cronometro:timer|DzSec:DzS|tFlipFlop:F0|Q'
Slack : -4.884
TNS   : -17.116

Type  : Setup 'cronometro:timer|UndSec:UndS|tFlipFlop:F0|Q'
Slack : -3.759
TNS   : -11.474

Type  : Setup 'h'
Slack : -2.899
TNS   : -5.886

Type  : Setup 'binaryToDigit:btd|twoBitCounter:tbc|dFlipFlop:F0|q'
Slack : -1.532
TNS   : -1.532

Type  : Setup 'decoderColuna:dC|dFlipFlop:F1|q'
Slack : -1.527
TNS   : -1.527

Type  : Setup 'delayC:dlc|dFlipFlop:F8|q'
Slack : -1.473
TNS   : -1.473

Type  : Setup 'cronometro:timer|muxCountCronometro:MCC|twoBitCounter:tbc|dFlipFlop:F0|q'
Slack : -1.339
TNS   : -1.339

Type  : Setup 'delay:dl|dFlipFlop:F2|q'
Slack : 0.209
TNS   : 0.000

Type  : Setup 'delay:dl|dFlipFlop:F5|q'
Slack : 0.209
TNS   : 0.000

Type  : Setup 'delayC:dlc|dFlipFlop:F1|q'
Slack : 0.209
TNS   : 0.000

Type  : Setup 'delayC:dlc|dFlipFlop:F6|q'
Slack : 0.209
TNS   : 0.000

Type  : Setup 'delay:dl|dFlipFlop:F11|q'
Slack : 0.210
TNS   : 0.000

Type  : Setup 'delay:dl|dFlipFlop:F9|q'
Slack : 0.406
TNS   : 0.000

Type  : Setup 'delay:dl|dFlipFlop:F7|q'
Slack : 0.458
TNS   : 0.000

Type  : Setup 'delayC:dlc|dFlipFlop:F3|q'
Slack : 0.469
TNS   : 0.000

Type  : Setup 'delay:dl|dFlipFlop:F12|q'
Slack : 0.574
TNS   : 0.000

Type  : Setup 'delay:dl|dFlipFlop:F14|q'
Slack : 0.598
TNS   : 0.000

Type  : Setup 'delay:dl|dFlipFlop:F0|q'
Slack : 0.640
TNS   : 0.000

Type  : Setup 'decoderColuna:dC|dFlipFlop:F0|q'
Slack : 0.730
TNS   : 0.000

Type  : Setup 'delayC:dlc|dFlipFlop:F2|q'
Slack : 0.818
TNS   : 0.000

Type  : Setup 'delay:dl|dFlipFlop:F3|q'
Slack : 0.845
TNS   : 0.000

Type  : Setup 'delayC:dlc|dFlipFlop:F0|q'
Slack : 1.341
TNS   : 0.000

Type  : Setup 'delay:dl|dFlipFlop:F13|q'
Slack : 1.406
TNS   : 0.000

Type  : Setup 'delay:dl|dFlipFlop:F6|q'
Slack : 1.439
TNS   : 0.000

Type  : Setup 'delayC:dlc|dFlipFlop:F5|q'
Slack : 1.442
TNS   : 0.000

Type  : Setup 'delay:dl|dFlipFlop:F10|q'
Slack : 1.447
TNS   : 0.000

Type  : Setup 'delay:dl|dFlipFlop:F8|q'
Slack : 1.456
TNS   : 0.000

Type  : Setup 'delay:dl|dFlipFlop:F4|q'
Slack : 1.521
TNS   : 0.000

Type  : Setup 'delayC:dlc|dFlipFlop:F7|q'
Slack : 1.529
TNS   : 0.000

Type  : Setup 'delayC:dlc|dFlipFlop:F4|q'
Slack : 1.532
TNS   : 0.000

Type  : Setup 'delay:dl|dFlipFlop:F1|q'
Slack : 2.086
TNS   : 0.000

Type  : Setup 'delay:dl|dFlipFlop:F15|q'
Slack : 3.275
TNS   : 0.000

Type  : Hold 'h'
Slack : -10.417
TNS   : -38.962

Type  : Hold 'cronometro:timer|UndSec:UndS|tFlipFlop:F0|Q'
Slack : -9.547
TNS   : -37.879

Type  : Hold 'cronometro:timer|DzSec:DzS|tFlipFlop:F0|Q'
Slack : -8.432
TNS   : -44.953

Type  : Hold 'cronometro:timer|UndMin:UndM|tFlipFlop:F0|Q'
Slack : -8.331
TNS   : -30.618

Type  : Hold 'delay:dl|dFlipFlop:F15|q'
Slack : -3.538
TNS   : -13.746

Type  : Hold 'delay:dl|dFlipFlop:F1|q'
Slack : -2.140
TNS   : -2.140

Type  : Hold 'delayC:dlc|dFlipFlop:F4|q'
Slack : -1.586
TNS   : -1.586

Type  : Hold 'delayC:dlc|dFlipFlop:F7|q'
Slack : -1.583
TNS   : -1.583

Type  : Hold 'delay:dl|dFlipFlop:F4|q'
Slack : -1.575
TNS   : -1.575

Type  : Hold 'delay:dl|dFlipFlop:F8|q'
Slack : -1.510
TNS   : -1.510

Type  : Hold 'delay:dl|dFlipFlop:F10|q'
Slack : -1.501
TNS   : -1.501

Type  : Hold 'delayC:dlc|dFlipFlop:F5|q'
Slack : -1.496
TNS   : -1.496

Type  : Hold 'delay:dl|dFlipFlop:F6|q'
Slack : -1.493
TNS   : -1.493

Type  : Hold 'delay:dl|dFlipFlop:F13|q'
Slack : -1.460
TNS   : -1.460

Type  : Hold 'delayC:dlc|dFlipFlop:F0|q'
Slack : -1.395
TNS   : -1.395

Type  : Hold 'clk'
Slack : -1.389
TNS   : -1.389

Type  : Hold 'delay:dl|dFlipFlop:F3|q'
Slack : -0.899
TNS   : -0.899

Type  : Hold 'delayC:dlc|dFlipFlop:F2|q'
Slack : -0.872
TNS   : -0.872

Type  : Hold 'decoderColuna:dC|dFlipFlop:F0|q'
Slack : -0.784
TNS   : -0.784

Type  : Hold 'delay:dl|dFlipFlop:F0|q'
Slack : -0.694
TNS   : -0.694

Type  : Hold 'delay:dl|dFlipFlop:F14|q'
Slack : -0.652
TNS   : -0.652

Type  : Hold 'delay:dl|dFlipFlop:F12|q'
Slack : -0.628
TNS   : -0.628

Type  : Hold 'delayC:dlc|dFlipFlop:F3|q'
Slack : -0.523
TNS   : -0.523

Type  : Hold 'delay:dl|dFlipFlop:F7|q'
Slack : -0.512
TNS   : -0.512

Type  : Hold 'delay:dl|dFlipFlop:F9|q'
Slack : -0.460
TNS   : -0.460

Type  : Hold 'delay:dl|dFlipFlop:F11|q'
Slack : -0.264
TNS   : -0.264

Type  : Hold 'delay:dl|dFlipFlop:F2|q'
Slack : -0.263
TNS   : -0.263

Type  : Hold 'delay:dl|dFlipFlop:F5|q'
Slack : -0.263
TNS   : -0.263

Type  : Hold 'delayC:dlc|dFlipFlop:F1|q'
Slack : -0.263
TNS   : -0.263

Type  : Hold 'delayC:dlc|dFlipFlop:F6|q'
Slack : -0.263
TNS   : -0.263

Type  : Hold 'cronometro:timer|muxCountCronometro:MCC|twoBitCounter:tbc|dFlipFlop:F0|q'
Slack : 1.785
TNS   : 0.000

Type  : Hold 'delayC:dlc|dFlipFlop:F8|q'
Slack : 1.919
TNS   : 0.000

Type  : Hold 'decoderColuna:dC|dFlipFlop:F1|q'
Slack : 1.973
TNS   : 0.000

Type  : Hold 'binaryToDigit:btd|twoBitCounter:tbc|dFlipFlop:F0|q'
Slack : 1.978
TNS   : 0.000

Type  : Recovery 'cronometro:timer|UndMin:UndM|tFlipFlop:F0|Q'
Slack : -11.222
TNS   : -38.755

Type  : Recovery 'cronometro:timer|DzSec:DzS|tFlipFlop:F0|Q'
Slack : -10.178
TNS   : -45.606

Type  : Recovery 'cronometro:timer|UndSec:UndS|tFlipFlop:F0|Q'
Slack : -7.056
TNS   : -27.272

Type  : Recovery 'h'
Slack : -6.196
TNS   : -12.392

Type  : Recovery 'decoderColuna:dC|dFlipFlop:F1|q'
Slack : -4.409
TNS   : -4.409

Type  : Recovery 'decoderColuna:dC|dFlipFlop:F0|q'
Slack : -3.811
TNS   : -3.811

Type  : Recovery 'delay:dl|dFlipFlop:F15|q'
Slack : -1.765
TNS   : -1.765

Type  : Removal 'h'
Slack : -5.129
TNS   : -16.930

Type  : Removal 'cronometro:timer|UndSec:UndS|tFlipFlop:F0|Q'
Slack : -4.269
TNS   : -12.230

Type  : Removal 'cronometro:timer|DzSec:DzS|tFlipFlop:F0|Q'
Slack : -3.144
TNS   : -8.990

Type  : Removal 'cronometro:timer|UndMin:UndM|tFlipFlop:F0|Q'
Slack : -3.043
TNS   : -8.586

Type  : Removal 'delay:dl|dFlipFlop:F15|q'
Slack : -0.560
TNS   : -0.560

Type  : Removal 'decoderColuna:dC|dFlipFlop:F0|q'
Slack : 1.486
TNS   : 0.000

Type  : Removal 'decoderColuna:dC|dFlipFlop:F1|q'
Slack : 2.084
TNS   : 0.000

Type  : Minimum Pulse Width 'clk'
Slack : -2.289
TNS   : -2.289

Type  : Minimum Pulse Width 'h'
Slack : -2.289
TNS   : -2.289

Type  : Minimum Pulse Width 'binaryToDigit:btd|twoBitCounter:tbc|dFlipFlop:F0|q'
Slack : 0.234
TNS   : 0.000

Type  : Minimum Pulse Width 'cronometro:timer|DzSec:DzS|tFlipFlop:F0|Q'
Slack : 0.234
TNS   : 0.000

Type  : Minimum Pulse Width 'cronometro:timer|UndMin:UndM|tFlipFlop:F0|Q'
Slack : 0.234
TNS   : 0.000

Type  : Minimum Pulse Width 'cronometro:timer|UndSec:UndS|tFlipFlop:F0|Q'
Slack : 0.234
TNS   : 0.000

Type  : Minimum Pulse Width 'cronometro:timer|muxCountCronometro:MCC|twoBitCounter:tbc|dFlipFlop:F0|q'
Slack : 0.234
TNS   : 0.000

Type  : Minimum Pulse Width 'decoderColuna:dC|dFlipFlop:F0|q'
Slack : 0.234
TNS   : 0.000

Type  : Minimum Pulse Width 'decoderColuna:dC|dFlipFlop:F1|q'
Slack : 0.234
TNS   : 0.000

Type  : Minimum Pulse Width 'delay:dl|dFlipFlop:F0|q'
Slack : 0.234
TNS   : 0.000

Type  : Minimum Pulse Width 'delay:dl|dFlipFlop:F10|q'
Slack : 0.234
TNS   : 0.000

Type  : Minimum Pulse Width 'delay:dl|dFlipFlop:F11|q'
Slack : 0.234
TNS   : 0.000

Type  : Minimum Pulse Width 'delay:dl|dFlipFlop:F12|q'
Slack : 0.234
TNS   : 0.000

Type  : Minimum Pulse Width 'delay:dl|dFlipFlop:F13|q'
Slack : 0.234
TNS   : 0.000

Type  : Minimum Pulse Width 'delay:dl|dFlipFlop:F14|q'
Slack : 0.234
TNS   : 0.000

Type  : Minimum Pulse Width 'delay:dl|dFlipFlop:F15|q'
Slack : 0.234
TNS   : 0.000

Type  : Minimum Pulse Width 'delay:dl|dFlipFlop:F1|q'
Slack : 0.234
TNS   : 0.000

Type  : Minimum Pulse Width 'delay:dl|dFlipFlop:F2|q'
Slack : 0.234
TNS   : 0.000

Type  : Minimum Pulse Width 'delay:dl|dFlipFlop:F3|q'
Slack : 0.234
TNS   : 0.000

Type  : Minimum Pulse Width 'delay:dl|dFlipFlop:F4|q'
Slack : 0.234
TNS   : 0.000

Type  : Minimum Pulse Width 'delay:dl|dFlipFlop:F5|q'
Slack : 0.234
TNS   : 0.000

Type  : Minimum Pulse Width 'delay:dl|dFlipFlop:F6|q'
Slack : 0.234
TNS   : 0.000

Type  : Minimum Pulse Width 'delay:dl|dFlipFlop:F7|q'
Slack : 0.234
TNS   : 0.000

Type  : Minimum Pulse Width 'delay:dl|dFlipFlop:F8|q'
Slack : 0.234
TNS   : 0.000

Type  : Minimum Pulse Width 'delay:dl|dFlipFlop:F9|q'
Slack : 0.234
TNS   : 0.000

Type  : Minimum Pulse Width 'delayC:dlc|dFlipFlop:F0|q'
Slack : 0.234
TNS   : 0.000

Type  : Minimum Pulse Width 'delayC:dlc|dFlipFlop:F1|q'
Slack : 0.234
TNS   : 0.000

Type  : Minimum Pulse Width 'delayC:dlc|dFlipFlop:F2|q'
Slack : 0.234
TNS   : 0.000

Type  : Minimum Pulse Width 'delayC:dlc|dFlipFlop:F3|q'
Slack : 0.234
TNS   : 0.000

Type  : Minimum Pulse Width 'delayC:dlc|dFlipFlop:F4|q'
Slack : 0.234
TNS   : 0.000

Type  : Minimum Pulse Width 'delayC:dlc|dFlipFlop:F5|q'
Slack : 0.234
TNS   : 0.000

Type  : Minimum Pulse Width 'delayC:dlc|dFlipFlop:F6|q'
Slack : 0.234
TNS   : 0.000

Type  : Minimum Pulse Width 'delayC:dlc|dFlipFlop:F7|q'
Slack : 0.234
TNS   : 0.000

Type  : Minimum Pulse Width 'delayC:dlc|dFlipFlop:F8|q'
Slack : 0.234
TNS   : 0.000

------------------------------------------------------------
